mode: set
github.com/huuloc2026/go-backend/tests/basic/main.test.go:3.27,5.2 1 1
